fips202.c:82:13:KeccakF1600_StatePermute	160	static
fips202.c:461:13:keccak_absorb_once.constprop	208	static
fips202.c:461:13:keccak_absorb_once.constprop	192	static
fips202.c:523:6:pqcrystals_kyber_fips202_ref_shake128_init	8	static
fips202.c:538:6:pqcrystals_kyber_fips202_ref_shake128_absorb	32	static
fips202.c:550:6:pqcrystals_kyber_fips202_ref_shake128_finalize	8	static
fips202.c:566:6:pqcrystals_kyber_fips202_ref_shake128_squeeze	32	static
fips202.c:580:6:pqcrystals_kyber_fips202_ref_shake128_absorb_once	16	static
fips202.c:598:6:pqcrystals_kyber_fips202_ref_shake128_squeezeblocks	48	static
fips202.c:610:6:pqcrystals_kyber_fips202_ref_shake256_init	8	static
fips202.c:625:6:pqcrystals_kyber_fips202_ref_shake256_absorb	32	static
fips202.c:637:6:pqcrystals_kyber_fips202_ref_shake256_finalize	8	static
fips202.c:653:6:pqcrystals_kyber_fips202_ref_shake256_squeeze	32	static
fips202.c:667:6:pqcrystals_kyber_fips202_ref_shake256_absorb_once	16	static
fips202.c:685:6:pqcrystals_kyber_fips202_ref_shake256_squeezeblocks	48	static
fips202.c:700:6:pqcrystals_kyber_fips202_ref_shake128	352	static
fips202.c:723:6:pqcrystals_kyber_fips202_ref_shake256	288	static
fips202.c:745:6:pqcrystals_kyber_fips202_ref_sha3_256	288	static
fips202.c:765:6:pqcrystals_kyber_fips202_ref_sha3_512	320	static
